\BOOKMARK [1][-]{section.1}{\376\377\000D\000e\000s\000c\000r\000i\000p\000c\000i\000\363\000n\000\040\000d\000e\000l\000\040\000P\000r\000o\000b\000l\000e\000m\000a\000\040\000y\000\040\000C\000a\000s\000o\000\040\000d\000e\000\040\000U\000s\000o}{}% 1
\BOOKMARK [2][-]{subsection.1.1}{\376\377\000D\000e\000s\000c\000r\000i\000p\000c\000i\000\363\000n\000\040\000d\000e\000l\000\040\000P\000r\000o\000b\000l\000e\000m\000a}{section.1}% 2
\BOOKMARK [2][-]{subsection.1.2}{\376\377\000C\000a\000s\000o\000\040\000d\000e\000\040\000u\000s\000o}{section.1}% 3
\BOOKMARK [1][-]{section.2}{\376\377\000D\000e\000f\000i\000n\000i\000c\000i\000\363\000n\000\040\000d\000e\000\040\000O\000b\000j\000e\000t\000i\000v\000o\000s}{}% 4
\BOOKMARK [2][-]{subsection.2.1}{\376\377\000O\000b\000j\000e\000t\000i\000v\000o\000\040\000G\000e\000n\000e\000r\000a\000l}{section.2}% 5
\BOOKMARK [2][-]{subsection.2.2}{\376\377\000O\000b\000j\000e\000t\000i\000v\000o\000s\000\040\000E\000s\000p\000e\000c\000\355\000f\000i\000c\000o\000s}{section.2}% 6
\BOOKMARK [1][-]{section.3}{\376\377\000D\000e\000f\000i\000n\000i\000c\000i\000\363\000n\000\040\000d\000e\000\040\000R\000e\000s\000t\000r\000i\000c\000c\000i\000o\000n\000e\000s}{}% 7
\BOOKMARK [1][-]{section.4}{\376\377\000M\000\351\000t\000r\000i\000c\000a\000s\000\040\000d\000e\000\040\000\311\000x\000i\000t\000o}{}% 8
\BOOKMARK [1][-]{section.5}{\376\377\000D\000i\000s\000e\000\361\000o\000\040\000d\000e\000l\000\040\000S\000i\000s\000t\000e\000m\000a\000\040\000d\000e\000\040\000I\000A\000\040\000y\000\040\000A\000r\000q\000u\000i\000t\000e\000c\000t\000u\000r\000a}{}% 9
\BOOKMARK [2][-]{subsection.5.1}{\376\377\000F\000u\000s\000i\000\363\000n\000\040\000c\000o\000n\000\040\000l\000a\000\040\000r\000a\000m\000a\000\040\000t\000e\000m\000p}{section.5}% 10
\BOOKMARK [1][-]{section.6}{\376\377\000A\000u\000d\000i\000t\000o\000r\000\355\000a\000\040\000d\000e\000\040\000C\000a\000l\000i\000d\000a\000d\000\040\000d\000e\000\040\000D\000a\000t\000o\000s\000\040\000y\000\040\000C\000o\000r\000r\000e\000c\000c\000i\000\363\000n\000\040\000d\000e\000\040\000F\000u\000g\000a\000s\000\040\000T\000e\000m\000p\000o\000r\000a\000l\000e\000s}{}% 11
\BOOKMARK [1][-]{section.7}{\376\377\000M\000o\000d\000e\000l\000a\000d\000o\000\040\000y\000\040\000E\000v\000a\000l\000u\000a\000c\000i\000\363\000n\000\040\000T\000e\000m\000p\000o\000r\000a\000l\000\040\000\050\000F\000a\000s\000e\000\040\0003\000\051}{}% 12
\BOOKMARK [1][-]{section.8}{\376\377\000M\000o\000n\000i\000t\000o\000r\000e\000o\000\040\000y\000\040\000A\000d\000a\000p\000t\000a\000c\000i\000\363\000n\000\040\000a\000n\000t\000e\000\040\000D\000a\000t\000a\000/\000C\000o\000n\000c\000e\000p\000t\000\040\000D\000r\000i\000f\000t}{}% 13
\BOOKMARK [2][-]{subsection.8.1}{\376\377\000M\000e\000t\000o\000d\000o\000l\000o\000g\000\355\000a\000:\000\040\000v\000e\000n\000t\000a\000n\000a\000s\000\040\000f\000i\000j\000a\000s\000\040\000p\000s\000e\000u\000d\000o\000-\000t\000e\000m\000p\000o\000r\000a\000l\000e\000s}{section.8}% 14
\BOOKMARK [2][-]{subsection.8.2}{\376\377\000R\000e\000s\000u\000l\000t\000a\000d\000o\000s\000:\000\040\000d\000i\000s\000t\000r\000i\000b\000u\000c\000i\000\363\000n\000\040\000d\000e\000\040\000f\000e\000a\000t\000u\000r\000e\000s\000\040\000\050\000P\000S\000I\000\051}{section.8}% 15
\BOOKMARK [2][-]{subsection.8.3}{\376\377\000R\000e\000s\000u\000l\000t\000a\000d\000o\000s\000:\000\040\000c\000u\000r\000v\000a\000\040\000d\000e\000\040\000d\000e\000g\000r\000a\000d\000a\000c\000i\000\363\000n\000\040\000\050\000E\0001\000\051\000\040\000y\000\040\000c\000o\000m\000p\000a\000r\000a\000c\000i\000\363\000n\000\040\000d\000e\000\040\000e\000s\000t\000r\000a\000t\000e\000g\000i\000a\000s}{section.8}% 16
\BOOKMARK [2][-]{subsection.8.4}{\376\377\000G\000r\000a\000n\000u\000l\000a\000r\000i\000d\000a\000d\000\040\000d\000e\000l\000\040\000m\000o\000n\000i\000t\000o\000r\000e\000o}{section.8}% 17
\BOOKMARK [1][-]{section.9}{\376\377\000C\000a\000p\000a\000\040\000d\000e\000\040\000D\000e\000c\000i\000s\000i\000\363\000n\000:\000\040\000I\000n\000c\000e\000r\000t\000i\000d\000u\000m\000b\000r\000e\000,\000\040\000C\000a\000t\000e\000g\000o\000r\000\355\000a\000s\000\040\000y\000\040\000C\000o\000s\000t\000o\000s}{}% 18
\BOOKMARK [1][-]{section.10}{\376\377\000C\000a\000s\000o\000\040\000d\000e\000\040\000N\000e\000g\000o\000c\000i\000o\000:\000\040\000V\000a\000l\000o\000r\000\040\000E\000c\000o\000n\000\363\000m\000i\000c\000o\000\040\000d\000e\000l\000\040\000M\000o\000n\000i\000t\000o\000r\000e\000o\000\040\000d\000e\000\040\000D\000r\000i\000f\000t}{}% 19
\BOOKMARK [1][-]{section.11}{\376\377\000A\000u\000d\000i\000t\000o\000r\000\355\000a\000\040\000d\000e\000\040\000E\000q\000u\000i\000d\000a\000d}{}% 20
\BOOKMARK [1][-]{section.12}{\376\377\000E\000x\000p\000l\000i\000c\000a\000b\000i\000l\000i\000d\000a\000d\000\040\000\050\000S\000H\000A\000P\000\051\000\040\000y\000\040\000L\000a\000t\000e\000n\000c\000i\000a}{}% 21
\BOOKMARK [1][-]{section.13}{\376\377\000T\000a\000b\000l\000a\000\040\000R\000e\000s\000u\000m\000e\000n\000\040\000d\000e\000\040\000C\000r\000i\000t\000e\000r\000i\000o\000s\000\040\000d\000e\000\040\000A\000p\000r\000o\000b\000a\000c\000i\000\363\000n}{}% 22
\BOOKMARK [2][-]{subsection.13.1}{\376\377\000D\000i\000s\000c\000u\000s\000i\000\363\000n\000\040\000d\000e\000\040\000l\000o\000s\000\040\000c\000r\000i\000t\000e\000r\000i\000o\000s\000\040\000n\000o\000\040\000c\000u\000m\000p\000l\000i\000d\000o\000s}{section.13}% 23
\BOOKMARK [1][-]{section.14}{\376\377\000C\000r\000o\000n\000o\000g\000r\000a\000m\000a\000\040\000d\000e\000\040\000A\000c\000t\000i\000v\000i\000d\000a\000d\000e\000s}{}% 24
\BOOKMARK [1][-]{section.15}{\376\377\000P\000r\000o\000p\000u\000e\000s\000t\000a\000\040\000d\000e\000\040\000D\000e\000s\000p\000l\000i\000e\000g\000u\000e\000\040\000y\000\040\000G\000e\000s\000t\000i\000\363\000n\000\040\000d\000e\000\040\000R\000i\000e\000s\000g\000o\000s}{}% 25
\BOOKMARK [2][-]{subsection.15.1}{\376\377\000P\000r\000o\000p\000u\000e\000s\000t\000a\000\040\000d\000e\000\040\000d\000e\000s\000p\000l\000i\000e\000g\000u\000e}{section.15}% 26
\BOOKMARK [2][-]{subsection.15.2}{\376\377\000R\000i\000e\000s\000g\000o\000s\000\040\000i\000d\000e\000n\000t\000i\000f\000i\000c\000a\000d\000o\000s}{section.15}% 27
\BOOKMARK [1][-]{section.16}{\376\377\000L\000i\000m\000i\000t\000a\000c\000i\000o\000n\000e\000s\000\040\000C\000o\000n\000o\000c\000i\000d\000a\000s\000\040\000y\000\040\000T\000r\000a\000b\000a\000j\000o\000\040\000F\000u\000t\000u\000r\000o}{}% 28
\BOOKMARK [1][-]{section.17}{\376\377\000C\000o\000n\000c\000l\000u\000s\000i\000o\000n\000e\000s}{}% 29
\BOOKMARK [1][-]{Item.15}{\376\377\000B\000i\000b\000l\000i\000o\000g\000r\000a\000f\000\355\000a}{}% 30
